I	O
predict	V
I	O
won't	V
win	V
a	D
single	A
game	N
I	O
bet	V
on	P
.	,
Got	V
Cliff	^
Lee	^
today	N
,	,
so	R
if	P
he	O
loses	V
its	L
on	P
me	O
RT	~
@e_one	@
:	~
Texas	^
(	,
cont	~
)	,
http://tl.gd/6meogh	U

RT	~
@DjBlack_Pearl	@
:	~
wat	O
muhfuckaz	N
wearin	V
4	P
the	D
lingerie	N
party	N
?????	,

Wednesday	^
27th	$
october	^
2010	$
.	,
》have	V
a	D
nice	A
day	N
:)	E

RT	~
@ddlovato	@
:	~
@joejonas	@
oh	!
,	,
hey	!
THANKS	N
jerk	N
!	,

@thecamion	@
I	O
like	V
monkeys	N
,	,
but	&
I	O
still	R
hate	V
COSTCO	^
parking	N
lots	N
..	,

@DDaimaru	@
I	O
may	V
have	V
to	P
get	V
minecraft	^
after	P
watching	V
videos	N
of	P
it	O

RT	~
@eye_ee_duh_Esq	@
:	~
LMBO	!
!	,
This	D
man	N
filed	V
an	D
EMERGENCY	N
Motion	N
for	P
Continuance	N
on	P
account	N
of	P
the	D
Rangers	^
game	N
tonight	N
!	,
«	~
Wow	!
lmao	!

RT	~
@musicdenver	@
:	~
Lady	^
Gaga	^
-	,
Bad	A
Romance	N
http://dld.bz/n6Xv	U

RT	~
@cheriexamor	@
:	~
When	R
you	O
have	V
a	D
good	A
thing	N
,	,
hold	V
it	O
,	,
squeeze	V
it	O
,	,
never	R
let	V
it	O
go	V
.	,

Texas	^
Rangers	^
are	V
in	P
the	D
World	^
Series	^
!	,
Go	V
Rangers	^
!!!!!!!!!	,
http://fb.me/D2LsXBJx	U

